app/dashboard/issues/page.tsx(253,25): error TS2339: Property 'project' does not exist on type 'Issue'.
app/dashboard/issues/page.tsx(255,32): error TS2339: Property 'project' does not exist on type 'Issue'.
app/dashboard/issues/page.tsx(849,45): error TS2322: Type '{ children: Element; asChild: true; }' is not assignable to type 'IntrinsicAttributes & NativeButtonProps & Omit<WithBaseUIEvent<DetailedHTMLProps<ButtonHTMLAttributes<HTMLButtonElement>, HTMLButtonElement>>, "className" | ... 2 more ... | "defaultChecked"> & { ...; } & { ...; }'.
  Property 'asChild' does not exist on type 'IntrinsicAttributes & NativeButtonProps & Omit<WithBaseUIEvent<DetailedHTMLProps<ButtonHTMLAttributes<HTMLButtonElement>, HTMLButtonElement>>, "className" | ... 2 more ... | "defaultChecked"> & { ...; } & { ...; }'.
app/dashboard/issues/page.tsx(917,41): error TS2322: Type '{ children: Element; asChild: true; }' is not assignable to type 'IntrinsicAttributes & NativeButtonProps & Omit<WithBaseUIEvent<DetailedHTMLProps<ButtonHTMLAttributes<HTMLButtonElement>, HTMLButtonElement>>, "className" | ... 2 more ... | "defaultChecked"> & { ...; } & { ...; }'.
  Property 'asChild' does not exist on type 'IntrinsicAttributes & NativeButtonProps & Omit<WithBaseUIEvent<DetailedHTMLProps<ButtonHTMLAttributes<HTMLButtonElement>, HTMLButtonElement>>, "className" | ... 2 more ... | "defaultChecked"> & { ...; } & { ...; }'.
app/dashboard/projects/page.tsx(255,21): error TS2552: Cannot find name 'onDragEnd'. Did you mean 'ondragend'?
app/dashboard/projects/page.tsx(255,32): error TS2552: Cannot find name 'onDragEnd'. Did you mean 'ondragend'?
app/dashboard/projects/page.tsx(872,45): error TS2322: Type '{ children: Element; asChild: true; }' is not assignable to type 'IntrinsicAttributes & NativeButtonProps & Omit<WithBaseUIEvent<DetailedHTMLProps<ButtonHTMLAttributes<HTMLButtonElement>, HTMLButtonElement>>, "className" | ... 2 more ... | "defaultChecked"> & { ...; } & { ...; }'.
  Property 'asChild' does not exist on type 'IntrinsicAttributes & NativeButtonProps & Omit<WithBaseUIEvent<DetailedHTMLProps<ButtonHTMLAttributes<HTMLButtonElement>, HTMLButtonElement>>, "className" | ... 2 more ... | "defaultChecked"> & { ...; } & { ...; }'.
app/dashboard/projects/page.tsx(912,41): error TS2322: Type '{ children: Element; asChild: true; }' is not assignable to type 'IntrinsicAttributes & NativeButtonProps & Omit<WithBaseUIEvent<DetailedHTMLProps<ButtonHTMLAttributes<HTMLButtonElement>, HTMLButtonElement>>, "className" | ... 2 more ... | "defaultChecked"> & { ...; } & { ...; }'.
  Property 'asChild' does not exist on type 'IntrinsicAttributes & NativeButtonProps & Omit<WithBaseUIEvent<DetailedHTMLProps<ButtonHTMLAttributes<HTMLButtonElement>, HTMLButtonElement>>, "className" | ... 2 more ... | "defaultChecked"> & { ...; } & { ...; }'.
